// Jest Snapshot v1, https://goo.gl/fbAQLP

exports[`contact section should handle form submit renders correctly 1`] = `[Function]`;
