// Jest Snapshot v1, https://goo.gl/fbAQLP

exports[`click to work 1`] = `[Function]`;
